// Jest Snapshot v1, https://goo.gl/fbAQLP

exports[`webpack.dev should match settings 1`] = `
Object {
  "devServer": Object {
    "contentBase": ".",
    "hot": true,
    "inline": true,
    "port": 8080,
  },
  "devtool": "inline-cheap-module-source-map",
  "mode": "development",
  "output": Object {
    "filename": "bundle.js",
  },
}
`;
