// Jest Snapshot v1, https://goo.gl/fbAQLP

exports[`webpack.prod should match settings 1`] = `
Object {
  "mode": "production",
  "module": Object {
    "rules": Array [
      Object {
        "test": /\\\\\\.css\\$/,
        "use": Array [
          "stub/",
          Object {
            "loader": "css-loader",
            "options": Object {
              "importLoaders": 2,
              "modules": false,
            },
          },
          Object {
            "loader": "postcss-loader",
            "options": Object {
              "plugins": Array [
                [Function],
                [Function],
                [Function],
                [Function],
                [Function],
              ],
            },
          },
        ],
      },
    ],
  },
  "optimization": Object {
    "minimizer": Array [
      TerserPlugin {
        "options": Object {
          "cache": false,
          "cacheKeys": [Function],
          "chunkFilter": [Function],
          "exclude": undefined,
          "extractComments": false,
          "include": undefined,
          "minify": undefined,
          "parallel": true,
          "sourceMap": false,
          "terserOptions": Object {
            "output": Object {
              "comments": /\\^\\\\\\*\\*!\\|@preserve\\|@license\\|@cc_on/i,
            },
          },
          "test": /\\\\\\.m\\?js\\(\\\\\\?\\.\\*\\)\\?\\$/i,
          "warningsFilter": [Function],
        },
      },
      OptimizeCssAssetsWebpackPlugin {
        "deleteAssetsMap": Object {},
        "options": Object {
          "assetNameRegExp": /\\\\\\.css\\$/g,
          "assetProcessors": Array [
            Object {
              "phase": "compilation.optimize-chunk-assets",
              "processor": [Function],
              "regExp": /\\\\\\.css\\$/g,
            },
          ],
          "canPrint": undefined,
          "cssProcessor": [Function],
          "cssProcessorOptions": Object {
            "discardComments": Object {
              "removeAll": true,
            },
            "safe": true,
          },
          "cssProcessorPluginOptions": Object {},
        },
        "phaseAssetProcessors": Object {
          "compilation.optimize-assets": Array [],
          "compilation.optimize-chunk-assets": Array [
            Object {
              "phase": "compilation.optimize-chunk-assets",
              "processor": [Function],
              "regExp": /\\\\\\.css\\$/g,
            },
          ],
          "emit": Array [],
        },
        "pluginDescriptor": Object {
          "name": "OptimizeCssAssetsWebpackPlugin",
        },
      },
    ],
    "runtimeChunk": "single",
    "splitChunks": Object {
      "cacheGroups": Object {
        "vendor": Object {
          "chunks": "initial",
          "enforce": true,
          "name": "vendor",
          "test": /node_modules/,
        },
      },
    },
  },
  "output": Object {
    "chunkFilename": "[name].[id].[chunkhash].bundle.js",
    "filename": "[name].[chunkhash].bundle.js",
  },
  "plugins": Array [
    MiniCssExtractPlugin {
      "options": Object {
        "chunkFilename": "[name].[id].[chunkhash].css",
        "filename": "[name].[chunkhash].css",
        "moduleFilename": [Function],
      },
    },
    AggressiveMergingPlugin {
      "options": Object {},
    },
    GenerateSW {
      "config": Object {
        "chunks": Array [],
        "exclude": Array [
          /\\\\\\.map\\$/,
          /\\^manifest\\.\\*\\\\\\.js\\?\\$/,
        ],
        "excludeChunks": Array [],
        "importScripts": Array [],
        "importWorkboxFrom": "cdn",
        "importsDirectory": "",
        "precacheManifestFilename": "precache-manifest.[manifestHash].js",
        "swDest": "service-worker.js",
      },
    },
  ],
}
`;
