// Jest Snapshot v1, https://goo.gl/fbAQLP

exports[`webpack.dev should match settings 1`] = `
Object {
  "devServer": Object {
    "contentBase": ".",
    "disableHostCheck": true,
    "hot": true,
    "inline": true,
    "port": 8080,
    "quiet": true,
  },
  "devtool": "inline-cheap-module-source-map",
  "mode": "development",
  "output": Object {
    "filename": "bundle.js",
  },
  "plugins": Array [
    FriendlyErrorsWebpackPlugin {
      "compilationSuccessInfo": Object {},
      "formatters": Array [
        [Function],
        [Function],
        [Function],
      ],
      "onErrors": undefined,
      "shouldClearConsole": true,
      "transformers": Array [
        [Function],
        [Function],
        [Function],
      ],
    },
  ],
}
`;
