// Jest Snapshot v1, https://goo.gl/fbAQLP

exports[`babelrc should match settings 1`] = `
Object {
  "compact": true,
  "plugins": Array [
    "@babel/plugin-syntax-dynamic-import",
    "@babel/plugin-proposal-class-properties",
    "@babel/plugin-proposal-object-rest-spread",
  ],
  "presets": Array [
    Array [
      "@babel/preset-env",
      Object {
        "targets": Object {
          "browsers": "last 1 version",
        },
      },
    ],
    "@babel/preset-react",
  ],
}
`;
