// Jest Snapshot v1, https://goo.gl/fbAQLP

exports[`fusuma init 1`] = `
"meta:
  url:
  title:
  thumbnail:
  description:
  sns:
    - twitter
slide:
  loop: true
  sidebar: true
  targetBlank: true
  showIndex: false
  isVertical: false
  code:
    languages:
      - javascript
    plugins: []
    theme: default
  chart: false
extends:
  js:
  css:
"
`;

exports[`fusuma read 1`] = `
Object {
  "extends": Object {
    "css": null,
    "js": null,
  },
  "meta": Object {
    "description": null,
    "siteName": null,
    "thumbnail": null,
    "title": "yml",
    "url": null,
  },
  "slide": Object {
    "theme": "js",
  },
}
`;

exports[`fusuma read 2`] = `
Object {
  "extends": Object {
    "css": "",
    "js": "",
  },
  "meta": Object {
    "description": "",
    "siteName": "",
    "thumbnail": "",
    "title": "js",
    "url": "",
  },
  "slide": Object {
    "theme": "",
  },
}
`;
