// Jest Snapshot v1, https://goo.gl/fbAQLP

exports[`postcss should match settings when NODE_ENV is development 1`] = `
Object {
  "plugins": Array [
    [Function],
    [Function],
    [Function],
    [Function],
    [Function],
  ],
}
`;

exports[`postcss should match settings when NODE_ENV is production 1`] = `
Object {
  "plugins": Array [
    [Function],
    [Function],
    [Function],
    [Function],
  ],
}
`;
